{
  "samples" : [
    {
      "long" : -5563972248549060045,
      "string" : "ᱪ都땾",
      "subRecord" : {
        "int" : 222129442
      }
    },
    {
      "long" : 8486175813200725096,
      "string" : "ꇓ쫌鑨",
      "subRecord" : {
        "int" : -187228911
      }
    },
    {
      "long" : -3058390270030169931,
      "string" : "꼈",
      "subRecord" : {
        "int" : 1296893186
      }
    },
    {
      "long" : 8634648307947485530,
      "string" : "ٱ",
      "subRecord" : {
        "int" : 807562799
      }
    },
    {
      "long" : -82508708965078378,
      "string" : "曌",
      "subRecord" : {
        "int" : -1787188101
      }
    },
    {
      "long" : 4315165768900872069,
      "string" : "祂䝯",
      "subRecord" : {
        "int" : -1317448887
      }
    },
    {
      "long" : -8770708200039936227,
      "string" : "ﳮ",
      "subRecord" : {
        "int" : -462311388
      }
    },
    {
      "long" : -4577021934352255711,
      "string" : "鵹",
      "subRecord" : {
        "int" : 1917531896
      }
    },
    {
      "long" : -5579088581831928167,
      "string" : "",
      "subRecord" : {
        "int" : -185411751
      }
    },
    {
      "long" : 9173909980668408094,
      "string" : "ﶶﴄ踟䵲统阤臍ɳꚸ",
      "subRecord" : {
        "int" : -558851785
      }
    },
    {
      "long" : -1315840694865393789,
      "string" : "䊤ꢥ¬懇",
      "subRecord" : {
        "int" : -1717479324
      }
    },
    {
      "long" : -3367870896449242453,
      "string" : "",
      "subRecord" : {
        "int" : -51121265
      }
    },
    {
      "long" : 8878534086659758296,
      "string" : "㗄ఫӹ",
      "subRecord" : {
        "int" : 983098840
      }
    },
    {
      "long" : 7443733113636824151,
      "string" : "瑱ꂴ꿠鄄",
      "subRecord" : {
        "int" : 545611467
      }
    },
    {
      "long" : 5127963401245419810,
      "string" : "",
      "subRecord" : {
        "int" : 1902816513
      }
    },
    {
      "long" : 8414117054329238618,
      "string" : "ﹲ卑⌛",
      "subRecord" : {
        "int" : 33476612
      }
    },
    {
      "long" : 2419957979290897522,
      "string" : "ﴇ",
      "subRecord" : {
        "int" : 2085720820
      }
    },
    {
      "long" : -7360849618981403307,
      "string" : "",
      "subRecord" : {
        "int" : -555324670
      }
    },
    {
      "long" : 8788269031901916589,
      "string" : "ӡ",
      "subRecord" : {
        "int" : -1880603524
      }
    },
    {
      "long" : 5788656371717520478,
      "string" : "픂츊ゕ⎓뮷ꇽ",
      "subRecord" : {
        "int" : 1530453321
      }
    }
  ]
}