{
  "samples" : [
    {
      "Case3" : {}
    },
    {
      "Case2" : {}
    },
    {
      "Case2" : {}
    },
    {
      "Case1" : {}
    },
    {
      "Case2" : {}
    },
    {
      "Case3" : {}
    },
    {
      "Case3" : {}
    },
    {
      "Case2" : {}
    },
    {
      "Case1" : {}
    },
    {
      "Case2" : {}
    },
    {
      "Case3" : {}
    },
    {
      "Case1" : {}
    },
    {
      "Case3" : {}
    },
    {
      "Case3" : {}
    },
    {
      "Case1" : {}
    },
    {
      "Case3" : {}
    },
    {
      "Case1" : {}
    },
    {
      "Case1" : {}
    },
    {
      "Case1" : {}
    },
    {
      "Case1" : {}
    }
  ]
}