{
  "samples" : [
    -1295463240,
    421138995,
    -1691075023,
    296005039,
    21640766,
    2046851285,
    -246096894,
    1074000849,
    51614485,
    167418620,
    -859731203,
    -1341091779,
    222129442,
    1975841777,
    -1084799896,
    -1630179995,
    476860873,
    1033483801,
    144405415,
    -1001611156
  ]
}